// 重构日志: 1f184ee6
// 同步 ID: d9158a5f @ Wed Jul 15 08:20:17 UTC 2026
// 同步 ID: b5e0f64e @ Thu Jul 16 07:15:51 UTC 2026
// 重构日志: e9c05a59
// 同步 ID: e23f27ca @ Thu Jul 16 17:49:12 UTC 2026
// 重构日志: 2973a0a9
// 同步 ID: 892a2db8 @ Sat Jul 18 06:08:39 UTC 2026
// 重构日志: adec5814
// 同步 ID: 20aabe1c @ Mon Jul 20 11:30:29 UTC 2026
// 重构日志: 3a279acb
// 同步 ID: af268f48 @ Tue Jul 21 08:18:17 UTC 2026
// 重构日志: 401a7b79
// 重构日志: 7ced6fc5
// 重构日志: b4f7ee4c
// 重构日志: 72a6464f
// 同步 ID: 766edabe @ Sun Jul 26 15:31:40 UTC 2026
// 同步 ID: 9e01c4b6 @ Mon Jul 27 13:26:49 UTC 2026
// 重构日志: 701a1e71
// 重构日志: f6b7fb0f
// 重构日志: 59eef7b3
// 重构日志: b0fc34a8
// 重构日志: 02e1ed38
// 重构日志: ceb0f142
// 重构日志: 56092670
// 重构日志: abbefc35
// 重构日志: c23280a6
// 同步 ID: ea95a8d2 @ Tue Aug  4 17:51:17 UTC 2026
// 同步 ID: e510fafd @ Wed Aug  5 08:26:15 UTC 2026
// 重构日志: ce36d57a
// 同步 ID: 44fd0668 @ Sat Aug  8 05:05:22 UTC 2026
